2026-09-11 20:36:36 [restartedMain] INFO  com.caresync.CareSyncApplication - Starting CareSyncApplication using Java 21.0.10 with PID 6716 (C:\Users\pavan\OneDrive\Desktop\HealthCare\target\classes started by pavan in C:\Users\pavan\OneDrive\Desktop\HealthCare)
2026-09-11 20:36:36 [restartedMain] DEBUG com.caresync.CareSyncApplication - Running with Spring Boot v3.2.5, Spring v6.1.6
2026-09-11 20:36:36 [restartedMain] INFO  com.caresync.CareSyncApplication - The following 1 profile is active: "dev"
2026-09-11 20:36:37 [restartedMain] INFO  o.s.b.d.e.DevToolsPropertyDefaultsPostProcessor - Devtools property defaults active! Set 'spring.devtools.add-properties' to 'false' to disable
2026-09-11 20:36:37 [restartedMain] INFO  o.s.b.d.e.DevToolsPropertyDefaultsPostProcessor - For additional web related logging consider setting the 'logging.level.web' property to 'DEBUG'
2026-09-11 20:36:39 [restartedMain] INFO  o.s.d.r.c.RepositoryConfigurationDelegate - Bootstrapping Spring Data JPA repositories in DEFAULT mode.
2026-09-11 20:36:40 [restartedMain] INFO  o.s.d.r.c.RepositoryConfigurationDelegate - Finished Spring Data repository scanning in 263 ms. Found 4 JPA repository interfaces.
2026-09-11 20:36:42 [restartedMain] INFO  o.s.b.w.e.tomcat.TomcatWebServer - Tomcat initialized with port 8080 (http)
2026-09-11 20:36:42 [restartedMain] INFO  o.a.catalina.core.StandardService - Starting service [Tomcat]
2026-09-11 20:36:42 [restartedMain] INFO  o.a.catalina.core.StandardEngine - Starting Servlet engine: [Apache Tomcat/10.1.20]
2026-09-11 20:36:42 [restartedMain] INFO  o.a.c.c.C.[Tomcat].[localhost].[/] - Initializing Spring embedded WebApplicationContext
2026-09-11 20:36:42 [restartedMain] INFO  o.s.b.w.s.c.ServletWebServerApplicationContext - Root WebApplicationContext: initialization completed in 5210 ms
2026-09-11 20:36:42 [restartedMain] INFO  o.h.jpa.internal.util.LogHelper - HHH000204: Processing PersistenceUnitInfo [name: default]
2026-09-11 20:36:43 [restartedMain] INFO  org.hibernate.Version - HHH000412: Hibernate ORM core version 6.4.4.Final
2026-09-11 20:36:43 [restartedMain] INFO  o.h.c.i.RegionFactoryInitiator - HHH000026: Second-level cache disabled
2026-09-11 20:36:43 [restartedMain] INFO  o.s.o.j.p.SpringPersistenceUnitInfo - No LoadTimeWeaver setup: ignoring JPA class transformer
2026-09-11 20:36:44 [restartedMain] INFO  com.zaxxer.hikari.HikariDataSource - HikariPool-1 - Starting...
2026-09-11 20:36:45 [restartedMain] INFO  com.zaxxer.hikari.pool.HikariPool - HikariPool-1 - Added connection com.mysql.cj.jdbc.ConnectionImpl@180b7879
2026-09-11 20:36:45 [restartedMain] INFO  com.zaxxer.hikari.HikariDataSource - HikariPool-1 - Start completed.
2026-09-11 20:36:45 [restartedMain] WARN  org.hibernate.orm.deprecation - HHH90000025: MySQLDialect does not need to be specified explicitly using 'hibernate.dialect' (remove the property setting and it will be selected by default)
2026-09-11 20:36:48 [restartedMain] INFO  o.h.e.t.j.p.i.JtaPlatformInitiator - HHH000489: No JTA platform available (set 'hibernate.transaction.jta.platform' to enable JTA platform integration)
2026-09-11 20:36:48 [restartedMain] DEBUG org.hibernate.SQL - 
    create table otp_requests (
        id bigint not null auto_increment,
        attempt_count integer not null,
        created_at datetime(6) not null,
        email varchar(100) not null,
        expires_at datetime(6),
        is_verified bit not null,
        otp varchar(6) not null,
        otp_type enum ('EMAIL_VERIFICATION','PASSWORD_RESET','TWO_FACTOR') not null,
        primary key (id)
    ) engine=InnoDB
2026-09-11 20:36:49 [restartedMain] DEBUG org.hibernate.SQL - 
    create table refresh_tokens (
        id bigint not null auto_increment,
        created_at datetime(6) not null,
        expires_at datetime(6) not null,
        is_revoked bit not null,
        token varchar(500) not null,
        user_email varchar(100) not null,
        primary key (id)
    ) engine=InnoDB
2026-09-11 20:36:49 [restartedMain] DEBUG org.hibernate.SQL - 
    create table users (
        id bigint not null auto_increment,
        age integer,
        country varchar(100),
        created_at datetime(6) not null,
        dob date,
        email varchar(100) not null,
        full_name varchar(100) not null,
        gender enum ('MALE','FEMALE','OTHER'),
        height float(53),
        is_active bit not null,
        is_email_verified bit not null,
        last_login datetime(6),
        occupation varchar(100),
        password varchar(255) not null,
        phone_number varchar(20),
        profile_image_url varchar(255),
        updated_at datetime(6),
        version bigint not null,
        weight float(53),
        primary key (id)
    ) engine=InnoDB
2026-09-11 20:36:49 [restartedMain] DEBUG org.hibernate.SQL - 
    create table water_intakes (
        id bigint not null auto_increment,
        amount_ml integer not null,
        created_at datetime(6) not null,
        logged_at datetime(6) not null,
        user_id bigint not null,
        primary key (id)
    ) engine=InnoDB
2026-09-11 20:36:49 [restartedMain] DEBUG org.hibernate.SQL - 
    create index idx_email 
       on otp_requests (email)
2026-09-11 20:36:49 [restartedMain] DEBUG org.hibernate.SQL - 
    create index idx_otp_type 
       on otp_requests (otp_type)
2026-09-11 20:36:49 [restartedMain] DEBUG org.hibernate.SQL - 
    create index idx_token 
       on refresh_tokens (token)
2026-09-11 20:36:49 [restartedMain] DEBUG org.hibernate.SQL - 
    create index idx_email 
       on refresh_tokens (user_email)
2026-09-11 20:36:49 [restartedMain] DEBUG org.hibernate.SQL - 
    alter table refresh_tokens 
       drop index UK_ghpmfn23vmxfu3spu3lfg4r2d
2026-09-11 20:36:49 [restartedMain] DEBUG org.hibernate.SQL - 
    alter table refresh_tokens 
       add constraint UK_ghpmfn23vmxfu3spu3lfg4r2d unique (token)
2026-09-11 20:36:49 [restartedMain] DEBUG org.hibernate.SQL - 
    create index idx_created_at 
       on users (created_at)
2026-09-11 20:36:49 [restartedMain] DEBUG org.hibernate.SQL - 
    alter table users 
       drop index idx_email
2026-09-11 20:36:49 [restartedMain] DEBUG org.hibernate.SQL - 
    alter table users 
       add constraint idx_email unique (email)
2026-09-11 20:36:49 [restartedMain] DEBUG org.hibernate.SQL - 
    create index idx_water_intakes_user_logged_at 
       on water_intakes (user_id, logged_at)
2026-09-11 20:36:49 [restartedMain] DEBUG org.hibernate.SQL - 
    alter table water_intakes 
       add constraint FKl3u55gvjy1d17gmk69pq39wat 
       foreign key (user_id) 
       references users (id)
2026-09-11 20:36:49 [restartedMain] INFO  o.s.o.j.LocalContainerEntityManagerFactoryBean - Initialized JPA EntityManagerFactory for persistence unit 'default'
2026-09-11 20:36:51 [restartedMain] DEBUG c.c.security.JwtAuthenticationFilter - Filter 'jwtAuthenticationFilter' configured for use
2026-09-11 20:36:51 [restartedMain] INFO  o.s.d.j.r.query.QueryEnhancerFactory - Hibernate is in classpath; If applicable, HQL parser will be used.
2026-09-11 20:36:54 [restartedMain] INFO  o.s.s.web.DefaultSecurityFilterChain - Will secure any request with [org.springframework.security.web.session.DisableEncodeUrlFilter@5068eaa0, org.springframework.security.web.context.request.async.WebAsyncManagerIntegrationFilter@6fd7b14f, org.springframework.security.web.context.SecurityContextHolderFilter@11e0a763, org.springframework.security.web.header.HeaderWriterFilter@35480eeb, org.springframework.web.filter.CorsFilter@79252c04, org.springframework.security.web.authentication.logout.LogoutFilter@454c7510, com.caresync.security.JwtAuthenticationFilter@3266d377, org.springframework.security.web.savedrequest.RequestCacheAwareFilter@5a17a0d4, org.springframework.security.web.servletapi.SecurityContextHolderAwareRequestFilter@ac6045d, org.springframework.security.web.authentication.AnonymousAuthenticationFilter@206b63da, org.springframework.security.web.session.SessionManagementFilter@611e9377, org.springframework.security.web.access.ExceptionTranslationFilter@67772732, org.springframework.security.web.access.intercept.AuthorizationFilter@55cd59a3]
2026-09-11 20:36:55 [restartedMain] INFO  o.s.b.d.a.OptionalLiveReloadServer - LiveReload server is running on port 35729
2026-09-11 20:36:55 [restartedMain] INFO  o.s.b.w.e.tomcat.TomcatWebServer - Tomcat started on port 8080 (http) with context path ''
2026-09-11 20:36:55 [restartedMain] INFO  com.caresync.CareSyncApplication - Started CareSyncApplication in 19.585 seconds (process running for 20.471)
2026-09-11 20:46:43 [restartedMain] INFO  com.caresync.CareSyncApplication - Starting CareSyncApplication using Java 21.0.10 with PID 2612 (C:\Users\pavan\OneDrive\Desktop\HealthCare\target\classes started by pavan in C:\Users\pavan\OneDrive\Desktop\HealthCare)
2026-09-11 20:46:43 [restartedMain] DEBUG com.caresync.CareSyncApplication - Running with Spring Boot v3.2.5, Spring v6.1.6
2026-09-11 20:46:43 [restartedMain] INFO  com.caresync.CareSyncApplication - The following 1 profile is active: "dev"
2026-09-11 20:46:43 [restartedMain] INFO  o.s.b.d.e.DevToolsPropertyDefaultsPostProcessor - Devtools property defaults active! Set 'spring.devtools.add-properties' to 'false' to disable
2026-09-11 20:46:43 [restartedMain] INFO  o.s.b.d.e.DevToolsPropertyDefaultsPostProcessor - For additional web related logging consider setting the 'logging.level.web' property to 'DEBUG'
2026-09-11 20:46:44 [restartedMain] INFO  o.s.d.r.c.RepositoryConfigurationDelegate - Bootstrapping Spring Data JPA repositories in DEFAULT mode.
2026-09-11 20:46:45 [restartedMain] INFO  o.s.d.r.c.RepositoryConfigurationDelegate - Finished Spring Data repository scanning in 95 ms. Found 4 JPA repository interfaces.
2026-09-11 20:46:46 [restartedMain] INFO  o.s.b.w.e.tomcat.TomcatWebServer - Tomcat initialized with port 8080 (http)
2026-09-11 20:46:46 [restartedMain] INFO  o.a.catalina.core.StandardService - Starting service [Tomcat]
2026-09-11 20:46:46 [restartedMain] INFO  o.a.catalina.core.StandardEngine - Starting Servlet engine: [Apache Tomcat/10.1.20]
2026-09-11 20:46:46 [restartedMain] INFO  o.a.c.c.C.[Tomcat].[localhost].[/] - Initializing Spring embedded WebApplicationContext
2026-09-11 20:46:46 [restartedMain] INFO  o.s.b.w.s.c.ServletWebServerApplicationContext - Root WebApplicationContext: initialization completed in 3156 ms
2026-09-11 20:46:47 [restartedMain] INFO  o.h.jpa.internal.util.LogHelper - HHH000204: Processing PersistenceUnitInfo [name: default]
2026-09-11 20:46:47 [restartedMain] INFO  org.hibernate.Version - HHH000412: Hibernate ORM core version 6.4.4.Final
2026-09-11 20:46:47 [restartedMain] INFO  o.h.c.i.RegionFactoryInitiator - HHH000026: Second-level cache disabled
2026-09-11 20:46:47 [restartedMain] INFO  o.s.o.j.p.SpringPersistenceUnitInfo - No LoadTimeWeaver setup: ignoring JPA class transformer
2026-09-11 20:46:48 [restartedMain] INFO  com.zaxxer.hikari.HikariDataSource - HikariPool-1 - Starting...
2026-09-11 20:46:49 [restartedMain] INFO  com.zaxxer.hikari.pool.HikariPool - HikariPool-1 - Added connection com.mysql.cj.jdbc.ConnectionImpl@9d467d
2026-09-11 20:46:49 [restartedMain] INFO  com.zaxxer.hikari.HikariDataSource - HikariPool-1 - Start completed.
2026-09-11 20:46:49 [restartedMain] WARN  org.hibernate.orm.deprecation - HHH90000025: MySQLDialect does not need to be specified explicitly using 'hibernate.dialect' (remove the property setting and it will be selected by default)
2026-09-11 20:46:51 [restartedMain] INFO  o.h.e.t.j.p.i.JtaPlatformInitiator - HHH000489: No JTA platform available (set 'hibernate.transaction.jta.platform' to enable JTA platform integration)
2026-09-11 20:46:52 [restartedMain] INFO  o.s.o.j.LocalContainerEntityManagerFactoryBean - Initialized JPA EntityManagerFactory for persistence unit 'default'
2026-09-11 20:46:52 [restartedMain] DEBUG c.c.security.JwtAuthenticationFilter - Filter 'jwtAuthenticationFilter' configured for use
2026-09-11 20:46:53 [restartedMain] INFO  o.s.d.j.r.query.QueryEnhancerFactory - Hibernate is in classpath; If applicable, HQL parser will be used.
2026-09-11 20:46:55 [restartedMain] INFO  o.s.s.web.DefaultSecurityFilterChain - Will secure any request with [org.springframework.security.web.session.DisableEncodeUrlFilter@354ac053, org.springframework.security.web.context.request.async.WebAsyncManagerIntegrationFilter@6a1e21d6, org.springframework.security.web.context.SecurityContextHolderFilter@3e04b1ad, org.springframework.security.web.header.HeaderWriterFilter@13c364ae, org.springframework.web.filter.CorsFilter@3072d76c, org.springframework.security.web.authentication.logout.LogoutFilter@5ab0a960, com.caresync.security.JwtAuthenticationFilter@2cd65673, org.springframework.security.web.savedrequest.RequestCacheAwareFilter@6ec6b90f, org.springframework.security.web.servletapi.SecurityContextHolderAwareRequestFilter@380156ea, org.springframework.security.web.authentication.AnonymousAuthenticationFilter@51fe02d7, org.springframework.security.web.session.SessionManagementFilter@76b0f7fa, org.springframework.security.web.access.ExceptionTranslationFilter@76417361, org.springframework.security.web.access.intercept.AuthorizationFilter@1069fc50]
2026-09-11 20:46:55 [restartedMain] INFO  o.s.b.d.a.OptionalLiveReloadServer - LiveReload server is running on port 35729
2026-09-11 20:46:55 [restartedMain] INFO  o.s.b.w.e.tomcat.TomcatWebServer - Tomcat started on port 8080 (http) with context path ''
2026-09-11 20:46:55 [restartedMain] INFO  com.caresync.CareSyncApplication - Started CareSyncApplication in 13.782 seconds (process running for 14.437)
